[IDM | Seed 2026] Initializing environment patches...
Successfully patched MultiAgentIntersectionEnv._agent_rewards method
[IDM | Seed 2026] Starting training run...
[IDM | Seed 2026] FAILED with error: list index out of range
Traceback (most recent call last):
  File "C:\Users\lifsh\PycharmProjects\RL\run_parallel_experiment.py", line 68, in run_single_experiment_process
    _, history, _ = run_experiment(config, env_config)
                    ^^^^^^^^^^^^^^^^^^^^^^^^^^^^^^^^^^
  File "C:\Users\lifsh\PycharmProjects\RL\src\training\training_handler.py", line 246, in run_experiment
    return run_idm_experiment(experiment_config, env_config)
           ^^^^^^^^^^^^^^^^^^^^^^^^^^^^^^^^^^^^^^^^^^^^^^^^^
  File "C:\Users\lifsh\PycharmProjects\RL\src\baseline\idm.py", line 209, in run_idm_experiment
    trainer = IDMTrainer(experiment_config, env_config)
              ^^^^^^^^^^^^^^^^^^^^^^^^^^^^^^^^^^^^^^^^^
  File "C:\Users\lifsh\PycharmProjects\RL\src\baseline\idm.py", line 121, in __init__
    self.env = gym.make(experiment_config.ENV_ID, render_mode=experiment_config.RENDER_MODE, config=env_config)
               ^^^^^^^^^^^^^^^^^^^^^^^^^^^^^^^^^^^^^^^^^^^^^^^^^^^^^^^^^^^^^^^^^^^^^^^^^^^^^^^^^^^^^^^^^^^^^^^^
  File "C:\Users\lifsh\PycharmProjects\playground\.venv\Lib\site-packages\gymnasium\envs\registration.py", line 742, in make
    env = env_creator(**env_spec_kwargs)
          ^^^^^^^^^^^^^^^^^^^^^^^^^^^^^^
  File "C:\Users\lifsh\PycharmProjects\playground\.venv\Lib\site-packages\highway_env\envs\common\abstract.py", line 74, in __init__
    self.reset()
  File "C:\Users\lifsh\PycharmProjects\playground\.venv\Lib\site-packages\highway_env\envs\common\abstract.py", line 208, in reset
    self._reset()
  File "C:\Users\lifsh\PycharmProjects\RL\highwayenv\double_intersection_class.py", line 272, in _reset
    vehicle = self.controlled_vehicles[i]
              ~~~~~~~~~~~~~~~~~~~~~~~~^^^
IndexError: list index out of range
